Analysis & Synthesis report for pract_3_spi
Tue Mar  5 15:47:52 2019
Quartus Prime Version 17.0.0 Build 595 04/25/2017 SJ Lite Edition


---------------------
; Table of Contents ;
---------------------
  1. Legal Notice
  2. Analysis & Synthesis Summary
  3. Analysis & Synthesis Settings
  4. Parallel Compilation
  5. Analysis & Synthesis Source Files Read
  6. Analysis & Synthesis Resource Usage Summary
  7. Analysis & Synthesis Resource Utilization by Entity
  8. State Machine - |pract_3_spi|state
  9. State Machine - |pract_3_spi|accel_rw:accel_rw_inst1|state
 10. State Machine - |pract_3_spi|init_accel:init_accel_inst1|state
 11. Registers Removed During Synthesis
 12. Removed Registers Triggering Further Register Optimizations
 13. General Register Statistics
 14. Inverted Register Statistics
 15. Multiplexer Restructuring Statistics (Restructuring Performed)
 16. Parameter Settings for User Entity Instance: accel_rw:accel_rw_inst1|spi_3_wire_master:spi_3_wire_master_inst1
 17. Port Connectivity Checks: "accel_rw:accel_rw_inst1|spi_3_wire_master:spi_3_wire_master_inst1"
 18. Post-Synthesis Netlist Statistics for Top Partition
 19. Elapsed Time Per Partition
 20. Analysis & Synthesis Messages



----------------
; Legal Notice ;
----------------
Copyright (C) 2017  Intel Corporation. All rights reserved.
Your use of Intel Corporation's design tools, logic functions 
and other software and tools, and its AMPP partner logic 
functions, and any output files from any of the foregoing 
(including device programming or simulation files), and any 
associated documentation or information are expressly subject 
to the terms and conditions of the Intel Program License 
Subscription Agreement, the Intel Quartus Prime License Agreement,
the Intel MegaCore Function License Agreement, or other 
applicable license agreement, including, without limitation, 
that your use is for the sole purpose of programming logic 
devices manufactured by Intel and sold by Intel or its 
authorized distributors.  Please refer to the applicable 
agreement for further details.



+----------------------------------------------------------------------------------+
; Analysis & Synthesis Summary                                                     ;
+------------------------------------+---------------------------------------------+
; Analysis & Synthesis Status        ; Successful - Tue Mar  5 15:47:52 2019       ;
; Quartus Prime Version              ; 17.0.0 Build 595 04/25/2017 SJ Lite Edition ;
; Revision Name                      ; pract_3_spi                                 ;
; Top-level Entity Name              ; pract_3_spi                                 ;
; Family                             ; Cyclone IV E                                ;
; Total logic elements               ; 242                                         ;
;     Total combinational functions  ; 213                                         ;
;     Dedicated logic registers      ; 146                                         ;
; Total registers                    ; 146                                         ;
; Total pins                         ; 19                                          ;
; Total virtual pins                 ; 0                                           ;
; Total memory bits                  ; 0                                           ;
; Embedded Multiplier 9-bit elements ; 0                                           ;
; Total PLLs                         ; 0                                           ;
+------------------------------------+---------------------------------------------+


+----------------------------------------------------------------------------------------------------------------------+
; Analysis & Synthesis Settings                                                                                        ;
+----------------------------------------------------------------------------+--------------------+--------------------+
; Option                                                                     ; Setting            ; Default Value      ;
+----------------------------------------------------------------------------+--------------------+--------------------+
; Device                                                                     ; EP4CE22F17C6       ;                    ;
; Top-level entity name                                                      ; pract_3_spi        ; pract_3_spi        ;
; Family name                                                                ; Cyclone IV E       ; Cyclone V          ;
; Use smart compilation                                                      ; Off                ; Off                ;
; Enable parallel Assembler and TimeQuest Timing Analyzer during compilation ; On                 ; On                 ;
; Enable compact report table                                                ; Off                ; Off                ;
; Restructure Multiplexers                                                   ; Auto               ; Auto               ;
; Create Debugging Nodes for IP Cores                                        ; Off                ; Off                ;
; Preserve fewer node names                                                  ; On                 ; On                 ;
; OpenCore Plus hardware evaluation                                          ; Enable             ; Enable             ;
; Verilog Version                                                            ; Verilog_2001       ; Verilog_2001       ;
; VHDL Version                                                               ; VHDL_1993          ; VHDL_1993          ;
; State Machine Processing                                                   ; Auto               ; Auto               ;
; Safe State Machine                                                         ; Off                ; Off                ;
; Extract Verilog State Machines                                             ; On                 ; On                 ;
; Extract VHDL State Machines                                                ; On                 ; On                 ;
; Ignore Verilog initial constructs                                          ; Off                ; Off                ;
; Iteration limit for constant Verilog loops                                 ; 5000               ; 5000               ;
; Iteration limit for non-constant Verilog loops                             ; 250                ; 250                ;
; Add Pass-Through Logic to Inferred RAMs                                    ; On                 ; On                 ;
; Infer RAMs from Raw Logic                                                  ; On                 ; On                 ;
; Parallel Synthesis                                                         ; On                 ; On                 ;
; DSP Block Balancing                                                        ; Auto               ; Auto               ;
; NOT Gate Push-Back                                                         ; On                 ; On                 ;
; Power-Up Don't Care                                                        ; On                 ; On                 ;
; Remove Redundant Logic Cells                                               ; Off                ; Off                ;
; Remove Duplicate Registers                                                 ; On                 ; On                 ;
; Ignore CARRY Buffers                                                       ; Off                ; Off                ;
; Ignore CASCADE Buffers                                                     ; Off                ; Off                ;
; Ignore GLOBAL Buffers                                                      ; Off                ; Off                ;
; Ignore ROW GLOBAL Buffers                                                  ; Off                ; Off                ;
; Ignore LCELL Buffers                                                       ; Off                ; Off                ;
; Ignore SOFT Buffers                                                        ; On                 ; On                 ;
; Limit AHDL Integers to 32 Bits                                             ; Off                ; Off                ;
; Optimization Technique                                                     ; Balanced           ; Balanced           ;
; Carry Chain Length                                                         ; 70                 ; 70                 ;
; Auto Carry Chains                                                          ; On                 ; On                 ;
; Auto Open-Drain Pins                                                       ; On                 ; On                 ;
; Perform WYSIWYG Primitive Resynthesis                                      ; Off                ; Off                ;
; Auto ROM Replacement                                                       ; On                 ; On                 ;
; Auto RAM Replacement                                                       ; On                 ; On                 ;
; Auto DSP Block Replacement                                                 ; On                 ; On                 ;
; Auto Shift Register Replacement                                            ; Auto               ; Auto               ;
; Allow Shift Register Merging across Hierarchies                            ; Auto               ; Auto               ;
; Auto Clock Enable Replacement                                              ; On                 ; On                 ;
; Strict RAM Replacement                                                     ; Off                ; Off                ;
; Allow Synchronous Control Signals                                          ; On                 ; On                 ;
; Force Use of Synchronous Clear Signals                                     ; Off                ; Off                ;
; Auto RAM Block Balancing                                                   ; On                 ; On                 ;
; Auto RAM to Logic Cell Conversion                                          ; Off                ; Off                ;
; Auto Resource Sharing                                                      ; Off                ; Off                ;
; Allow Any RAM Size For Recognition                                         ; Off                ; Off                ;
; Allow Any ROM Size For Recognition                                         ; Off                ; Off                ;
; Allow Any Shift Register Size For Recognition                              ; Off                ; Off                ;
; Use LogicLock Constraints during Resource Balancing                        ; On                 ; On                 ;
; Ignore translate_off and synthesis_off directives                          ; Off                ; Off                ;
; Timing-Driven Synthesis                                                    ; On                 ; On                 ;
; Report Parameter Settings                                                  ; On                 ; On                 ;
; Report Source Assignments                                                  ; On                 ; On                 ;
; Report Connectivity Checks                                                 ; On                 ; On                 ;
; Ignore Maximum Fan-Out Assignments                                         ; Off                ; Off                ;
; Synchronization Register Chain Length                                      ; 2                  ; 2                  ;
; PowerPlay Power Optimization During Synthesis                              ; Normal compilation ; Normal compilation ;
; HDL message level                                                          ; Level2             ; Level2             ;
; Suppress Register Optimization Related Messages                            ; Off                ; Off                ;
; Number of Removed Registers Reported in Synthesis Report                   ; 5000               ; 5000               ;
; Number of Swept Nodes Reported in Synthesis Report                         ; 5000               ; 5000               ;
; Number of Inverted Registers Reported in Synthesis Report                  ; 100                ; 100                ;
; Clock MUX Protection                                                       ; On                 ; On                 ;
; Auto Gated Clock Conversion                                                ; Off                ; Off                ;
; Block Design Naming                                                        ; Auto               ; Auto               ;
; SDC constraint protection                                                  ; Off                ; Off                ;
; Synthesis Effort                                                           ; Auto               ; Auto               ;
; Shift Register Replacement - Allow Asynchronous Clear Signal               ; On                 ; On                 ;
; Pre-Mapping Resynthesis Optimization                                       ; Off                ; Off                ;
; Analysis & Synthesis Message Level                                         ; Medium             ; Medium             ;
; Disable Register Merging Across Hierarchies                                ; Auto               ; Auto               ;
; Resource Aware Inference For Block RAM                                     ; On                 ; On                 ;
+----------------------------------------------------------------------------+--------------------+--------------------+


+------------------------------------------+
; Parallel Compilation                     ;
+----------------------------+-------------+
; Processors                 ; Number      ;
+----------------------------+-------------+
; Number detected on machine ; 4           ;
; Maximum allowed            ; 2           ;
;                            ;             ;
; Average used               ; 1.00        ;
; Maximum used               ; 2           ;
;                            ;             ;
; Usage by Processor         ; % Time Used ;
;     Processor 1            ; 100.0%      ;
;     Processor 2            ;   0.0%      ;
+----------------------------+-------------+


+-------------------------------------------------------------------------------------------------------------------------------------------------+
; Analysis & Synthesis Source Files Read                                                                                                          ;
+----------------------------------+-----------------+-----------------+----------------------------------------------------------------+---------+
; File Name with User-Entered Path ; Used in Netlist ; File Type       ; File Name with Absolute Path                                   ; Library ;
+----------------------------------+-----------------+-----------------+----------------------------------------------------------------+---------+
; pract_3_spi.vhd                  ; yes             ; User VHDL File  ; /home/robotica/ppos_meca_qx7/pract_3_spi/pract_3_spi.vhd       ;         ;
; spi_3_wire_master.vhd            ; yes             ; User VHDL File  ; /home/robotica/ppos_meca_qx7/pract_3_spi/spi_3_wire_master.vhd ;         ;
; init_accel.vhd                   ; yes             ; User VHDL File  ; /home/robotica/ppos_meca_qx7/pract_3_spi/init_accel.vhd        ;         ;
; accel_rw.vhd                     ; yes             ; User VHDL File  ; /home/robotica/ppos_meca_qx7/pract_3_spi/accel_rw.vhd          ;         ;
+----------------------------------+-----------------+-----------------+----------------------------------------------------------------+---------+


+---------------------------------------------------------+
; Analysis & Synthesis Resource Usage Summary             ;
+---------------------------------------------+-----------+
; Resource                                    ; Usage     ;
+---------------------------------------------+-----------+
; Estimated Total logic elements              ; 242       ;
;                                             ;           ;
; Total combinational functions               ; 213       ;
; Logic element usage by number of LUT inputs ;           ;
;     -- 4 input functions                    ; 62        ;
;     -- 3 input functions                    ; 33        ;
;     -- <=2 input functions                  ; 118       ;
;                                             ;           ;
; Logic elements by mode                      ;           ;
;     -- normal mode                          ; 162       ;
;     -- arithmetic mode                      ; 51        ;
;                                             ;           ;
; Total registers                             ; 146       ;
;     -- Dedicated logic registers            ; 146       ;
;     -- I/O registers                        ; 0         ;
;                                             ;           ;
; I/O pins                                    ; 19        ;
;                                             ;           ;
; Embedded Multiplier 9-bit elements          ; 0         ;
;                                             ;           ;
; Maximum fan-out node                        ; CLK~input ;
; Maximum fan-out                             ; 146       ;
; Total fan-out                               ; 1108      ;
; Average fan-out                             ; 2.78      ;
+---------------------------------------------+-----------+


+--------------------------------------------------------------------------------------------------------------------------------------------------------------------------------------------------------------------------------------------------------------------------------------------------+
; Analysis & Synthesis Resource Utilization by Entity                                                                                                                                                                                                                                              ;
+---------------------------------------------------+---------------------+---------------------------+-------------+--------------+---------+-----------+------+--------------+--------------------------------------------------------------------------------+-------------------+--------------+
; Compilation Hierarchy Node                        ; Combinational ALUTs ; Dedicated Logic Registers ; Memory Bits ; DSP Elements ; DSP 9x9 ; DSP 18x18 ; Pins ; Virtual Pins ; Full Hierarchy Name                                                            ; Entity Name       ; Library Name ;
+---------------------------------------------------+---------------------+---------------------------+-------------+--------------+---------+-----------+------+--------------+--------------------------------------------------------------------------------+-------------------+--------------+
; |pract_3_spi                                      ; 213 (54)            ; 146 (41)                  ; 0           ; 0            ; 0       ; 0         ; 19   ; 0            ; |pract_3_spi                                                                   ; pract_3_spi       ; work         ;
;    |accel_rw:accel_rw_inst1|                      ; 144 (16)            ; 80 (9)                    ; 0           ; 0            ; 0       ; 0         ; 0    ; 0            ; |pract_3_spi|accel_rw:accel_rw_inst1                                           ; accel_rw          ; work         ;
;       |spi_3_wire_master:spi_3_wire_master_inst1| ; 128 (128)           ; 71 (71)                   ; 0           ; 0            ; 0       ; 0         ; 0    ; 0            ; |pract_3_spi|accel_rw:accel_rw_inst1|spi_3_wire_master:spi_3_wire_master_inst1 ; spi_3_wire_master ; work         ;
;    |init_accel:init_accel_inst1|                  ; 15 (15)             ; 25 (25)                   ; 0           ; 0            ; 0       ; 0         ; 0    ; 0            ; |pract_3_spi|init_accel:init_accel_inst1                                       ; init_accel        ; work         ;
+---------------------------------------------------+---------------------+---------------------------+-------------+--------------+---------+-----------+------+--------------+--------------------------------------------------------------------------------+-------------------+--------------+
Note: For table entries with two numbers listed, the numbers in parentheses indicate the number of resources of the given type used by the specific entity alone. The numbers listed outside of parentheses indicate the total resources of the given type used by the specific entity and all of its sub-entities in the hierarchy.


Encoding Type:  One-Hot
+------------------------------------------------------------------------------------------------------------------------------+
; State Machine - |pract_3_spi|state                                                                                           ;
+----------------------+---------------+----------------------+---------------+----------------------+------------+------------+
; Name                 ; state.READING ; state.RD_PARAMS_SEND ; state.WRITING ; state.WR_PARAMS_SEND ; state.IDLE ; state.INIT ;
+----------------------+---------------+----------------------+---------------+----------------------+------------+------------+
; state.INIT           ; 0             ; 0                    ; 0             ; 0                    ; 0          ; 0          ;
; state.IDLE           ; 0             ; 0                    ; 0             ; 0                    ; 1          ; 1          ;
; state.WR_PARAMS_SEND ; 0             ; 0                    ; 0             ; 1                    ; 0          ; 1          ;
; state.WRITING        ; 0             ; 0                    ; 1             ; 0                    ; 0          ; 1          ;
; state.RD_PARAMS_SEND ; 0             ; 1                    ; 0             ; 0                    ; 0          ; 1          ;
; state.READING        ; 1             ; 0                    ; 0             ; 0                    ; 0          ; 1          ;
+----------------------+---------------+----------------------+---------------+----------------------+------------+------------+


Encoding Type:  One-Hot
+-----------------------------------------------------------------------------------------+
; State Machine - |pract_3_spi|accel_rw:accel_rw_inst1|state                              ;
+-------------+----------+----------+-------------+-------------+------------+------------+
; Name        ; state.TX ; state.RX ; state.RD_ST ; state.WR_ST ; state.IDLE ; state.INIT ;
+-------------+----------+----------+-------------+-------------+------------+------------+
; state.INIT  ; 0        ; 0        ; 0           ; 0           ; 0          ; 0          ;
; state.IDLE  ; 0        ; 0        ; 0           ; 0           ; 1          ; 1          ;
; state.WR_ST ; 0        ; 0        ; 0           ; 1           ; 0          ; 1          ;
; state.RD_ST ; 0        ; 0        ; 1           ; 0           ; 0          ; 1          ;
; state.RX    ; 0        ; 1        ; 0           ; 0           ; 0          ; 1          ;
; state.TX    ; 1        ; 0        ; 0           ; 0           ; 0          ; 1          ;
+-------------+----------+----------+-------------+-------------+------------+------------+


Encoding Type:  One-Hot
+-------------------------------------------------------------------------------------------------------------------------------------------------------------------------------------------------------------------------------------------------------------------------------------------------------------------------------------------------------------------------+
; State Machine - |pract_3_spi|init_accel:init_accel_inst1|state                                                                                                                                                                                                                                                                                                          ;
+------------------------+-----------------+-----------------+-------------------+--------------+---------------------+------------------------+------------------+---------------------+------------------+------------------+--------------------+------------------------+---------------------+-----------------------+---------------------+------------+------------+
; Name                   ; state.WR_WINDOW ; state.WR_LATENT ; state.WR_TAP_AXES ; state.WR_DUR ; state.WR_THRESH_TAP ; state.WR_POWER_CONTROL ; state.WR_INT_MAP ; state.WR_INT_ENABLE ; state.WR_BW_RATE ; state.WR_TIME_FF ; state.WR_THRESH_FF ; state.WR_ACT_INACT_CTL ; state.WR_TIME_INACT ; state.WR_THRESH_INACT ; state.WR_THRESH_ACT ; state.IDLE ; state.INIT ;
+------------------------+-----------------+-----------------+-------------------+--------------+---------------------+------------------------+------------------+---------------------+------------------+------------------+--------------------+------------------------+---------------------+-----------------------+---------------------+------------+------------+
; state.INIT             ; 0               ; 0               ; 0                 ; 0            ; 0                   ; 0                      ; 0                ; 0                   ; 0                ; 0                ; 0                  ; 0                      ; 0                   ; 0                     ; 0                   ; 0          ; 0          ;
; state.IDLE             ; 0               ; 0               ; 0                 ; 0            ; 0                   ; 0                      ; 0                ; 0                   ; 0                ; 0                ; 0                  ; 0                      ; 0                   ; 0                     ; 0                   ; 1          ; 1          ;
; state.WR_THRESH_ACT    ; 0               ; 0               ; 0                 ; 0            ; 0                   ; 0                      ; 0                ; 0                   ; 0                ; 0                ; 0                  ; 0                      ; 0                   ; 0                     ; 1                   ; 0          ; 1          ;
; state.WR_THRESH_INACT  ; 0               ; 0               ; 0                 ; 0            ; 0                   ; 0                      ; 0                ; 0                   ; 0                ; 0                ; 0                  ; 0                      ; 0                   ; 1                     ; 0                   ; 0          ; 1          ;
; state.WR_TIME_INACT    ; 0               ; 0               ; 0                 ; 0            ; 0                   ; 0                      ; 0                ; 0                   ; 0                ; 0                ; 0                  ; 0                      ; 1                   ; 0                     ; 0                   ; 0          ; 1          ;
; state.WR_ACT_INACT_CTL ; 0               ; 0               ; 0                 ; 0            ; 0                   ; 0                      ; 0                ; 0                   ; 0                ; 0                ; 0                  ; 1                      ; 0                   ; 0                     ; 0                   ; 0          ; 1          ;
; state.WR_THRESH_FF     ; 0               ; 0               ; 0                 ; 0            ; 0                   ; 0                      ; 0                ; 0                   ; 0                ; 0                ; 1                  ; 0                      ; 0                   ; 0                     ; 0                   ; 0          ; 1          ;
; state.WR_TIME_FF       ; 0               ; 0               ; 0                 ; 0            ; 0                   ; 0                      ; 0                ; 0                   ; 0                ; 1                ; 0                  ; 0                      ; 0                   ; 0                     ; 0                   ; 0          ; 1          ;
; state.WR_BW_RATE       ; 0               ; 0               ; 0                 ; 0            ; 0                   ; 0                      ; 0                ; 0                   ; 1                ; 0                ; 0                  ; 0                      ; 0                   ; 0                     ; 0                   ; 0          ; 1          ;
; state.WR_INT_ENABLE    ; 0               ; 0               ; 0                 ; 0            ; 0                   ; 0                      ; 0                ; 1                   ; 0                ; 0                ; 0                  ; 0                      ; 0                   ; 0                     ; 0                   ; 0          ; 1          ;
; state.WR_INT_MAP       ; 0               ; 0               ; 0                 ; 0            ; 0                   ; 0                      ; 1                ; 0                   ; 0                ; 0                ; 0                  ; 0                      ; 0                   ; 0                     ; 0                   ; 0          ; 1          ;
; state.WR_POWER_CONTROL ; 0               ; 0               ; 0                 ; 0            ; 0                   ; 1                      ; 0                ; 0                   ; 0                ; 0                ; 0                  ; 0                      ; 0                   ; 0                     ; 0                   ; 0          ; 1          ;
; state.WR_THRESH_TAP    ; 0               ; 0               ; 0                 ; 0            ; 1                   ; 0                      ; 0                ; 0                   ; 0                ; 0                ; 0                  ; 0                      ; 0                   ; 0                     ; 0                   ; 0          ; 1          ;
; state.WR_DUR           ; 0               ; 0               ; 0                 ; 1            ; 0                   ; 0                      ; 0                ; 0                   ; 0                ; 0                ; 0                  ; 0                      ; 0                   ; 0                     ; 0                   ; 0          ; 1          ;
; state.WR_TAP_AXES      ; 0               ; 0               ; 1                 ; 0            ; 0                   ; 0                      ; 0                ; 0                   ; 0                ; 0                ; 0                  ; 0                      ; 0                   ; 0                     ; 0                   ; 0          ; 1          ;
; state.WR_LATENT        ; 0               ; 1               ; 0                 ; 0            ; 0                   ; 0                      ; 0                ; 0                   ; 0                ; 0                ; 0                  ; 0                      ; 0                   ; 0                     ; 0                   ; 0          ; 1          ;
; state.WR_WINDOW        ; 1               ; 0               ; 0                 ; 0            ; 0                   ; 0                      ; 0                ; 0                   ; 0                ; 0                ; 0                  ; 0                      ; 0                   ; 0                     ; 0                   ; 0          ; 1          ;
+------------------------+-----------------+-----------------+-------------------+--------------+---------------------+------------------------+------------------+---------------------+------------------+------------------+--------------------+------------------------+---------------------+-----------------------+---------------------+------------+------------+


+--------------------------------------------------------------------------------------------------------------------------------------------------------------------------------------+
; Registers Removed During Synthesis                                                                                                                                                   ;
+----------------------------------------------------------------------------------------+---------------------------------------------------------------------------------------------+
; Register name                                                                          ; Reason for Removal                                                                          ;
+----------------------------------------------------------------------------------------+---------------------------------------------------------------------------------------------+
; init_accel:init_accel_inst1|cmd_buffer[6]                                              ; Stuck at GND due to stuck port data_in                                                      ;
; accel_rw:accel_rw_inst1|spi_3_wire_master:spi_3_wire_master_inst1|clk_ratio[1,2,5..30] ; Stuck at GND due to stuck port data_in                                                      ;
; accel_rw:accel_rw_inst1|spi_3_wire_master:spi_3_wire_master_inst1|clk_ratio[0]         ; Stuck at VCC due to stuck port data_in                                                      ;
; init_accel:init_accel_inst1|rx_buffer[0,1,4..7]                                        ; Stuck at GND due to stuck port data_in                                                      ;
; accel_rw:accel_rw_inst1|spi_3_wire_master:spi_3_wire_master_inst1|last_bit_rx[0..4]    ; Stuck at GND due to stuck port data_in                                                      ;
; accel_rw:accel_rw_inst1|spi_3_wire_master:spi_3_wire_master_inst1|slave[0]             ; Merged with accel_rw:accel_rw_inst1|spi_3_wire_master:spi_3_wire_master_inst1|clk_ratio[31] ;
; accel_rw:accel_rw_inst1|spi_3_wire_master:spi_3_wire_master_inst1|clk_ratio[4]         ; Merged with accel_rw:accel_rw_inst1|spi_3_wire_master:spi_3_wire_master_inst1|clk_ratio[3]  ;
; accel_rw:accel_rw_inst1|spi_3_wire_master:spi_3_wire_master_inst1|last_bit_rx[5]       ; Merged with accel_rw:accel_rw_inst1|spi_3_wire_master:spi_3_wire_master_inst1|clk_ratio[3]  ;
; tx_data_buffer[1,4..7]                                                                 ; Merged with tx_data_buffer[0]                                                               ;
; tx_data_buffer[0]                                                                      ; Stuck at GND due to stuck port data_in                                                      ;
; cmd_buffer[6]                                                                          ; Stuck at GND due to stuck port data_in                                                      ;
; accel_rw:accel_rw_inst1|spi_3_wire_master:spi_3_wire_master_inst1|clk_ratio[3]         ; Merged with accel_rw:accel_rw_inst1|spi_3_wire_master:spi_3_wire_master_inst1|clk_ratio[31] ;
; init_accel:init_accel_inst1|state.INIT                                                 ; Merged with accel_rw:accel_rw_inst1|state.INIT                                              ;
; state.INIT                                                                             ; Merged with accel_rw:accel_rw_inst1|state.INIT                                              ;
; Total Number of Removed Registers = 54                                                 ;                                                                                             ;
+----------------------------------------------------------------------------------------+---------------------------------------------------------------------------------------------+


+----------------------------------------------------------------------------------------------------------------+
; Removed Registers Triggering Further Register Optimizations                                                    ;
+-------------------------------------------+---------------------------+----------------------------------------+
; Register name                             ; Reason for Removal        ; Registers Removed due to This Register ;
+-------------------------------------------+---------------------------+----------------------------------------+
; init_accel:init_accel_inst1|cmd_buffer[6] ; Stuck at GND              ; cmd_buffer[6]                          ;
;                                           ; due to stuck port data_in ;                                        ;
; init_accel:init_accel_inst1|rx_buffer[0]  ; Stuck at GND              ; tx_data_buffer[0]                      ;
;                                           ; due to stuck port data_in ;                                        ;
+-------------------------------------------+---------------------------+----------------------------------------+


+------------------------------------------------------+
; General Register Statistics                          ;
+----------------------------------------------+-------+
; Statistic                                    ; Value ;
+----------------------------------------------+-------+
; Total registers                              ; 146   ;
; Number of registers using Synchronous Clear  ; 31    ;
; Number of registers using Synchronous Load   ; 0     ;
; Number of registers using Asynchronous Clear ; 47    ;
; Number of registers using Asynchronous Load  ; 0     ;
; Number of registers using Clock Enable       ; 129   ;
; Number of registers using Preset             ; 0     ;
+----------------------------------------------+-------+


+-------------------------------------------------------------------------------------------+
; Inverted Register Statistics                                                              ;
+---------------------------------------------------------------------------------+---------+
; Inverted Register                                                               ; Fan out ;
+---------------------------------------------------------------------------------+---------+
; accel_rw:accel_rw_inst1|spi_3_wire_master:spi_3_wire_master_inst1|ss_n[0]       ; 3       ;
; accel_rw:accel_rw_inst1|spi_3_wire_master:spi_3_wire_master_inst1|clk_ratio[31] ; 5       ;
; accel_rw:accel_rw_inst1|spi_3_wire_master:spi_3_wire_master_inst1|count[31]     ; 2       ;
; accel_rw:accel_rw_inst1|spi_3_wire_master:spi_3_wire_master_inst1|count[0]      ; 4       ;
; accel_rw:accel_rw_inst1|spi_3_wire_master:spi_3_wire_master_inst1|busy          ; 6       ;
; write_accel_n                                                                   ; 4       ;
; read_accel_n                                                                    ; 2       ;
; Total number of inverted registers = 7                                          ;         ;
+---------------------------------------------------------------------------------+---------+


+-------------------------------------------------------------------------------------------------------------------------------------------------------------------------------------------------------------+
; Multiplexer Restructuring Statistics (Restructuring Performed)                                                                                                                                              ;
+--------------------+-----------+---------------+----------------------+------------------------+------------+-----------------------------------------------------------------------------------------------+
; Multiplexer Inputs ; Bus Width ; Baseline Area ; Area if Restructured ; Saving if Restructured ; Registered ; Example Multiplexer Output                                                                    ;
+--------------------+-----------+---------------+----------------------+------------------------+------------+-----------------------------------------------------------------------------------------------+
; 3:1                ; 7 bits    ; 14 LEs        ; 7 LEs                ; 7 LEs                  ; Yes        ; |pract_3_spi|accel_rw:accel_rw_inst1|spi_3_wire_master:spi_3_wire_master_inst1|clk_toggles[0] ;
; 3:1                ; 7 bits    ; 14 LEs        ; 7 LEs                ; 7 LEs                  ; Yes        ; |pract_3_spi|accel_rw:accel_rw_inst1|spi_3_wire_master:spi_3_wire_master_inst1|cmd_buffer[7]  ;
; 4:1                ; 30 bits   ; 60 LEs        ; 60 LEs               ; 0 LEs                  ; Yes        ; |pract_3_spi|accel_rw:accel_rw_inst1|spi_3_wire_master:spi_3_wire_master_inst1|count[3]       ;
; 4:1                ; 6 bits    ; 12 LEs        ; 12 LEs               ; 0 LEs                  ; Yes        ; |pract_3_spi|cmd_buffer[0]                                                                    ;
; 5:1                ; 7 bits    ; 21 LEs        ; 7 LEs                ; 14 LEs                 ; Yes        ; |pract_3_spi|accel_rw:accel_rw_inst1|spi_3_wire_master:spi_3_wire_master_inst1|d_buffer[1]    ;
; 5:1                ; 2 bits    ; 6 LEs         ; 2 LEs                ; 4 LEs                  ; Yes        ; |pract_3_spi|tx_data_buffer[3]                                                                ;
; 4:1                ; 2 bits    ; 4 LEs         ; 2 LEs                ; 2 LEs                  ; Yes        ; |pract_3_spi|accel_rw:accel_rw_inst1|spi_3_wire_master:spi_3_wire_master_inst1|count[31]      ;
; 8:1                ; 4 bits    ; 20 LEs        ; 16 LEs               ; 4 LEs                  ; No         ; |pract_3_spi|Selector28                                                                       ;
; 8:1                ; 4 bits    ; 20 LEs        ; 16 LEs               ; 4 LEs                  ; No         ; |pract_3_spi|accel_rw:accel_rw_inst1|Selector2                                                ;
; 10:1               ; 2 bits    ; 12 LEs        ; 4 LEs                ; 8 LEs                  ; No         ; |pract_3_spi|Selector31                                                                       ;
; 10:1               ; 2 bits    ; 12 LEs        ; 4 LEs                ; 8 LEs                  ; No         ; |pract_3_spi|accel_rw:accel_rw_inst1|Selector6                                                ;
+--------------------+-----------+---------------+----------------------+------------------------+------------+-----------------------------------------------------------------------------------------------+


+----------------------------------------------------------------------------------------------------------------+
; Parameter Settings for User Entity Instance: accel_rw:accel_rw_inst1|spi_3_wire_master:spi_3_wire_master_inst1 ;
+----------------+-------+---------------------------------------------------------------------------------------+
; Parameter Name ; Value ; Type                                                                                  ;
+----------------+-------+---------------------------------------------------------------------------------------+
; slaves         ; 1     ; Signed Integer                                                                        ;
; cmd_width      ; 8     ; Signed Integer                                                                        ;
; d_width        ; 8     ; Signed Integer                                                                        ;
+----------------+-------+---------------------------------------------------------------------------------------+
Note: In order to hide this table in the UI and the text report file, please set the "Show Parameter Settings in Synthesis Report" option in "Analysis and Synthesis Settings -> More Settings" to "Off".


+-----------------------------------------------------------------------------------------------+
; Port Connectivity Checks: "accel_rw:accel_rw_inst1|spi_3_wire_master:spi_3_wire_master_inst1" ;
+----------------+-------+----------+-----------------------------------------------------------+
; Port           ; Type  ; Severity ; Details                                                   ;
+----------------+-------+----------+-----------------------------------------------------------+
; cpol           ; Input ; Info     ; Stuck at VCC                                              ;
; cpha           ; Input ; Info     ; Stuck at VCC                                              ;
; clk_div[4..3]  ; Input ; Info     ; Stuck at VCC                                              ;
; clk_div[31..5] ; Input ; Info     ; Stuck at GND                                              ;
; clk_div[2..1]  ; Input ; Info     ; Stuck at GND                                              ;
; clk_div[0]     ; Input ; Info     ; Stuck at VCC                                              ;
; addr           ; Input ; Info     ; Stuck at GND                                              ;
+----------------+-------+----------+-----------------------------------------------------------+


+-----------------------------------------------------+
; Post-Synthesis Netlist Statistics for Top Partition ;
+-----------------------+-----------------------------+
; Type                  ; Count                       ;
+-----------------------+-----------------------------+
; boundary_port         ; 19                          ;
; cycloneiii_ff         ; 146                         ;
;     CLR               ; 14                          ;
;     CLR SCLR          ; 1                           ;
;     ENA               ; 74                          ;
;     ENA CLR           ; 25                          ;
;     ENA CLR SCLR      ; 7                           ;
;     ENA SCLR          ; 23                          ;
;     plain             ; 2                           ;
; cycloneiii_io_obuf    ; 1                           ;
; cycloneiii_lcell_comb ; 214                         ;
;     arith             ; 51                          ;
;         2 data inputs ; 51                          ;
;     normal            ; 163                         ;
;         1 data inputs ; 5                           ;
;         2 data inputs ; 63                          ;
;         3 data inputs ; 33                          ;
;         4 data inputs ; 62                          ;
;                       ;                             ;
; Max LUT depth         ; 5.10                        ;
; Average LUT depth     ; 2.82                        ;
+-----------------------+-----------------------------+


+-------------------------------+
; Elapsed Time Per Partition    ;
+----------------+--------------+
; Partition Name ; Elapsed Time ;
+----------------+--------------+
; Top            ; 00:00:01     ;
+----------------+--------------+


+-------------------------------+
; Analysis & Synthesis Messages ;
+-------------------------------+
Info: *******************************************************************
Info: Running Quartus Prime Analysis & Synthesis
    Info: Version 17.0.0 Build 595 04/25/2017 SJ Lite Edition
    Info: Processing started: Tue Mar  5 15:47:34 2019
Info: Command: quartus_map --read_settings_files=on --write_settings_files=off pract_3_spi -c pract_3_spi
Warning (18236): Number of processors has not been specified which may cause overloading on shared machines.  Set the global assignment NUM_PARALLEL_PROCESSORS in your QSF to an appropriate value for best performance.
Info (20030): Parallel compilation is enabled and will use 2 of the 2 processors detected
Info (12021): Found 2 design units, including 1 entities, in source file pract_3_spi.vhd
    Info (12022): Found design unit 1: pract_3_spi-pract_3_spi_arch File: /home/robotica/ppos_meca_qx7/pract_3_spi/pract_3_spi.vhd Line: 21
    Info (12023): Found entity 1: pract_3_spi File: /home/robotica/ppos_meca_qx7/pract_3_spi/pract_3_spi.vhd Line: 6
Info (12021): Found 2 design units, including 1 entities, in source file spi_3_wire_master.vhd
    Info (12022): Found design unit 1: spi_3_wire_master-logic File: /home/robotica/ppos_meca_qx7/pract_3_spi/spi_3_wire_master.vhd Line: 51
    Info (12023): Found entity 1: spi_3_wire_master File: /home/robotica/ppos_meca_qx7/pract_3_spi/spi_3_wire_master.vhd Line: 28
Info (12021): Found 2 design units, including 1 entities, in source file init_accel.vhd
    Info (12022): Found design unit 1: init_accel-init_accel_arch File: /home/robotica/ppos_meca_qx7/pract_3_spi/init_accel.vhd Line: 18
    Info (12023): Found entity 1: init_accel File: /home/robotica/ppos_meca_qx7/pract_3_spi/init_accel.vhd Line: 6
Info (12021): Found 2 design units, including 1 entities, in source file accel_rw.vhd
    Info (12022): Found design unit 1: accel_rw-accel_rw_arch File: /home/robotica/ppos_meca_qx7/pract_3_spi/accel_rw.vhd Line: 24
    Info (12023): Found entity 1: accel_rw File: /home/robotica/ppos_meca_qx7/pract_3_spi/accel_rw.vhd Line: 6
Info (12127): Elaborating entity "pract_3_spi" for the top level hierarchy
Info (12128): Elaborating entity "init_accel" for hierarchy "init_accel:init_accel_inst1" File: /home/robotica/ppos_meca_qx7/pract_3_spi/pract_3_spi.vhd Line: 79
Warning (10540): VHDL Signal Declaration warning at init_accel.vhd(30): used explicit default value for signal "THRESH_TAP" because signal was never assigned a value File: /home/robotica/ppos_meca_qx7/pract_3_spi/init_accel.vhd Line: 30
Warning (10540): VHDL Signal Declaration warning at init_accel.vhd(31): used explicit default value for signal "DUR" because signal was never assigned a value File: /home/robotica/ppos_meca_qx7/pract_3_spi/init_accel.vhd Line: 31
Warning (10540): VHDL Signal Declaration warning at init_accel.vhd(32): used explicit default value for signal "LATENT" because signal was never assigned a value File: /home/robotica/ppos_meca_qx7/pract_3_spi/init_accel.vhd Line: 32
Warning (10540): VHDL Signal Declaration warning at init_accel.vhd(33): used explicit default value for signal "WINDOW" because signal was never assigned a value File: /home/robotica/ppos_meca_qx7/pract_3_spi/init_accel.vhd Line: 33
Warning (10540): VHDL Signal Declaration warning at init_accel.vhd(34): used explicit default value for signal "THRESH_ACT" because signal was never assigned a value File: /home/robotica/ppos_meca_qx7/pract_3_spi/init_accel.vhd Line: 34
Warning (10540): VHDL Signal Declaration warning at init_accel.vhd(35): used explicit default value for signal "THRESH_INACT" because signal was never assigned a value File: /home/robotica/ppos_meca_qx7/pract_3_spi/init_accel.vhd Line: 35
Warning (10540): VHDL Signal Declaration warning at init_accel.vhd(36): used explicit default value for signal "TIME_INACT" because signal was never assigned a value File: /home/robotica/ppos_meca_qx7/pract_3_spi/init_accel.vhd Line: 36
Warning (10540): VHDL Signal Declaration warning at init_accel.vhd(37): used explicit default value for signal "ACT_INACT_CTL" because signal was never assigned a value File: /home/robotica/ppos_meca_qx7/pract_3_spi/init_accel.vhd Line: 37
Warning (10540): VHDL Signal Declaration warning at init_accel.vhd(38): used explicit default value for signal "THRESH_FF" because signal was never assigned a value File: /home/robotica/ppos_meca_qx7/pract_3_spi/init_accel.vhd Line: 38
Warning (10540): VHDL Signal Declaration warning at init_accel.vhd(39): used explicit default value for signal "TIME_FF" because signal was never assigned a value File: /home/robotica/ppos_meca_qx7/pract_3_spi/init_accel.vhd Line: 39
Warning (10540): VHDL Signal Declaration warning at init_accel.vhd(40): used explicit default value for signal "TAP_AXES" because signal was never assigned a value File: /home/robotica/ppos_meca_qx7/pract_3_spi/init_accel.vhd Line: 40
Warning (10540): VHDL Signal Declaration warning at init_accel.vhd(41): used explicit default value for signal "BW_RATE" because signal was never assigned a value File: /home/robotica/ppos_meca_qx7/pract_3_spi/init_accel.vhd Line: 41
Warning (10540): VHDL Signal Declaration warning at init_accel.vhd(42): used explicit default value for signal "POWER_CONTROL" because signal was never assigned a value File: /home/robotica/ppos_meca_qx7/pract_3_spi/init_accel.vhd Line: 42
Warning (10540): VHDL Signal Declaration warning at init_accel.vhd(43): used explicit default value for signal "INT_ENABLE" because signal was never assigned a value File: /home/robotica/ppos_meca_qx7/pract_3_spi/init_accel.vhd Line: 43
Warning (10540): VHDL Signal Declaration warning at init_accel.vhd(44): used explicit default value for signal "INT_MAP" because signal was never assigned a value File: /home/robotica/ppos_meca_qx7/pract_3_spi/init_accel.vhd Line: 44
Warning (10540): VHDL Signal Declaration warning at init_accel.vhd(47): used explicit default value for signal "done_init" because signal was never assigned a value File: /home/robotica/ppos_meca_qx7/pract_3_spi/init_accel.vhd Line: 47
Warning (10492): VHDL Process Statement warning at init_accel.vhd(57): signal "reset_n" is read inside the Process Statement but isn't in the Process Statement's sensitivity list File: /home/robotica/ppos_meca_qx7/pract_3_spi/init_accel.vhd Line: 57
Info (12128): Elaborating entity "accel_rw" for hierarchy "accel_rw:accel_rw_inst1" File: /home/robotica/ppos_meca_qx7/pract_3_spi/pract_3_spi.vhd Line: 90
Warning (10036): Verilog HDL or VHDL warning at accel_rw.vhd(66): object "tx_data_buffer" assigned a value but never read File: /home/robotica/ppos_meca_qx7/pract_3_spi/accel_rw.vhd Line: 66
Info (12128): Elaborating entity "spi_3_wire_master" for hierarchy "accel_rw:accel_rw_inst1|spi_3_wire_master:spi_3_wire_master_inst1" File: /home/robotica/ppos_meca_qx7/pract_3_spi/accel_rw.vhd Line: 81
Info (13000): Registers with preset signals will power-up high File: /home/robotica/ppos_meca_qx7/pract_3_spi/spi_3_wire_master.vhd Line: 67
Info (13003): DEV_CLRn pin will set, and not reset, register with preset signal due to NOT Gate Push-Back
Info (286030): Timing-Driven Synthesis is running
Info (16010): Generating hard_block partition "hard_block:auto_generated_inst"
    Info (16011): Adding 0 node(s), including 0 DDIO, 0 PLL, 0 transceiver and 0 LCELL
Warning (21074): Design contains 6 input pin(s) that do not drive logic
    Warning (15610): No output dependent on input pin "G_SENSOR_INT" File: /home/robotica/ppos_meca_qx7/pract_3_spi/pract_3_spi.vhd Line: 14
    Warning (15610): No output dependent on input pin "btn_1" File: /home/robotica/ppos_meca_qx7/pract_3_spi/pract_3_spi.vhd Line: 15
    Warning (15610): No output dependent on input pin "dip_sw[3]" File: /home/robotica/ppos_meca_qx7/pract_3_spi/pract_3_spi.vhd Line: 17
    Warning (15610): No output dependent on input pin "dip_sw[2]" File: /home/robotica/ppos_meca_qx7/pract_3_spi/pract_3_spi.vhd Line: 17
    Warning (15610): No output dependent on input pin "dip_sw[1]" File: /home/robotica/ppos_meca_qx7/pract_3_spi/pract_3_spi.vhd Line: 17
    Warning (15610): No output dependent on input pin "dip_sw[0]" File: /home/robotica/ppos_meca_qx7/pract_3_spi/pract_3_spi.vhd Line: 17
Info (21057): Implemented 262 device resources after synthesis - the final resource count might be different
    Info (21058): Implemented 8 input pins
    Info (21059): Implemented 10 output pins
    Info (21060): Implemented 1 bidirectional pins
    Info (21061): Implemented 243 logic cells
Info: Quartus Prime Analysis & Synthesis was successful. 0 errors, 26 warnings
    Info: Peak virtual memory: 958 megabytes
    Info: Processing ended: Tue Mar  5 15:47:52 2019
    Info: Elapsed time: 00:00:18
    Info: Total CPU time (on all processors): 00:00:41


